#
# There is insufficient memory for the Java Runtime Environment to continue.
# Native memory allocation (mmap) failed to map 134217728 bytes for G1 virtual space
# Possible reasons:
#   The system is out of physical RAM or swap space
#   The process is running with CompressedOops enabled, and the Java Heap may be blocking the growth of the native heap
# Possible solutions:
#   Reduce memory load on the system
#   Increase physical memory or swap space
#   Check if swap backing store is full
#   Decrease Java heap size (-Xmx/-Xms)
#   Decrease number of Java threads
#   Decrease Java thread stack sizes (-Xss)
#   Set larger code cache with -XX:ReservedCodeCacheSize=
#   JVM is running with Unscaled Compressed Oops mode in which the Java heap is
#     placed in the first 4GB address space. The Java Heap base address is the
#     maximum limit for the native heap growth. Please use -XX:HeapBaseMinAddress
#     to set the Java Heap base and to place the Java Heap above 4GB virtual address.
# This output file may be truncated or incomplete.
#
#  Out of Memory Error (os_windows.cpp:3769), pid=14720, tid=24580
#
# JRE version:  (17.0.6+7) (build )
# Java VM: OpenJDK 64-Bit Server VM (17.0.6+7-b469.82, mixed mode, sharing, tiered, compressed oops, compressed class ptrs, g1 gc, windows-amd64)
# No core dump will be written. Minidumps are not enabled by default on client versions of Windows
#

---------------  S U M M A R Y ------------

Command Line: git4idea.http.GitAskPassApp Username for 'https://github.com': 

Host: Intel(R) Core(TM) i5-6200U CPU @ 2.30GHz, 4 cores, 7G,  Windows 11 , 64 bit Build 22000 (10.0.22000.2538)
Time: Sat Dec 20 14:13:07 2025 Morocco Daylight Time elapsed time: 0.036144 seconds (0d 0h 0m 0s)

---------------  T H R E A D  ---------------

Current thread (0x0000024e8b001460):  JavaThread "Unknown thread" [_thread_in_vm, id=24580, stack(0x000000a4c2e00000,0x000000a4c2f00000)]

Stack: [0x000000a4c2e00000,0x000000a4c2f00000]
Native frames: (J=compiled Java code, j=interpreted, Vv=VM code, C=native code)
V  [jvm.dll+0x683b4a]
V  [jvm.dll+0x842654]
V  [jvm.dll+0x843dfe]
V  [jvm.dll+0x844463]
V  [jvm.dll+0x249b75]
V  [jvm.dll+0x680a19]
V  [jvm.dll+0x674f0a]
V  [jvm.dll+0x309acb]
V  [jvm.dll+0x310f86]
V  [jvm.dll+0x3608ee]
V  [jvm.dll+0x360b1f]
V  [jvm.dll+0x2dfbf8]
V  [jvm.dll+0x2e0b64]
V  [jvm.dll+0x813f41]
V  [jvm.dll+0x36e6a1]
V  [jvm.dll+0x7f347c]
V  [jvm.dll+0x3f0e8f]
V  [jvm.dll+0x3f29d1]
C  [jli.dll+0x526b]
C  [ucrtbase.dll+0x26c0c]
C  [KERNEL32.DLL+0x153e0]
C  [ntdll.dll+0x485b]


---------------  P R O C E S S  ---------------

Threads class SMR info:
_java_thread_list=0x00007fffcda6c058, length=0, elements={
}

Java Threads: ( => current thread )

Other Threads:
  0x0000024e8b05d950 GCTaskThread "GC Thread#0" [stack: 0x000000a4c2f00000,0x000000a4c3000000] [id=16020]
  0x0000024e8b06e420 ConcurrentGCThread "G1 Main Marker" [stack: 0x000000a4c3000000,0x000000a4c3100000] [id=9736]
  0x0000024e8b06ed40 ConcurrentGCThread "G1 Conc#0" [stack: 0x000000a4c3100000,0x000000a4c3200000] [id=18120]

[error occurred during error reporting (printing all threads), id 0xc0000005, EXCEPTION_ACCESS_VIOLATION (0xc0000005) at pc=0x00007fffcd220797]

VM state: not at safepoint (not fully initialized)

VM Mutex/Monitor currently owned by a thread:  ([mutex/lock_event])
[0x0000024e8affda90] Heap_lock - owner thread: 0x0000024e8b001460

Heap address: 0x0000000081c00000, size: 2020 MB, Compressed Oops mode: 32-bit

CDS archive(s) mapped at: [0x0000000000000000-0x0000000000000000-0x0000000000000000), size 0, SharedBaseAddress: 0x0000000800000000, ArchiveRelocationMode: 0.
Narrow klass base: 0x0000000000000000, Narrow klass shift: 0, Narrow klass range: 0x0

GC Precious Log:
<Empty>

Heap:
 garbage-first heap   total 0K, used 0K [0x0000000081c00000, 0x0000000100000000)
  region size 1024K, 0 young (0K), 0 survivors (0K)

[error occurred during error reporting (printing heap information), id 0xc0000005, EXCEPTION_ACCESS_VIOLATION (0xc0000005) at pc=0x00007fffcd60d939]

GC Heap History (0 events):
No events

Dll operation events (1 events):
Event: 0.021 Loaded shared library C:\Program Files\JetBrains\IntelliJ IDEA 2022.2.5\jbr\bin\java.dll

Deoptimization events (0 events):
No events

Classes unloaded (0 events):
No events

Classes redefined (0 events):
No events

Internal exceptions (0 events):
No events

VM Operations (0 events):
No events

Events (0 events):
No events


Dynamic libraries:
0x00007ff7d81f0000 - 0x00007ff7d81fa000 	C:\Program Files\JetBrains\IntelliJ IDEA 2022.2.5\jbr\bin\java.exe
0x00007ff8360a0000 - 0x00007ff8362a9000 	C:\Windows\SYSTEM32\ntdll.dll
0x00007ff835860000 - 0x00007ff83591d000 	C:\Windows\System32\KERNEL32.DLL
0x00007ff8337b0000 - 0x00007ff833b34000 	C:\Windows\System32\KERNELBASE.dll
0x00007ff833690000 - 0x00007ff8337a1000 	C:\Windows\System32\ucrtbase.dll
0x00007ff816fe0000 - 0x00007ff816ff7000 	C:\Program Files\JetBrains\IntelliJ IDEA 2022.2.5\jbr\bin\jli.dll
0x00007ff818dc0000 - 0x00007ff818ddb000 	C:\Program Files\JetBrains\IntelliJ IDEA 2022.2.5\jbr\bin\VCRUNTIME140.dll
0x00007ff835cd0000 - 0x00007ff835e7d000 	C:\Windows\System32\USER32.dll
0x00007ff833ec0000 - 0x00007ff833ee6000 	C:\Windows\System32\win32u.dll
0x00007ff817bb0000 - 0x00007ff817e55000 	C:\Windows\WinSxS\amd64_microsoft.windows.common-controls_6595b64144ccf1df_6.0.22000.120_none_9d947278b86cc467\COMCTL32.dll
0x00007ff835bf0000 - 0x00007ff835c1a000 	C:\Windows\System32\GDI32.dll
0x00007ff835c20000 - 0x00007ff835cc3000 	C:\Windows\System32\msvcrt.dll
0x00007ff833d20000 - 0x00007ff833e3e000 	C:\Windows\System32\gdi32full.dll
0x00007ff833530000 - 0x00007ff8335cd000 	C:\Windows\System32\msvcp_win.dll
0x00007ff8350e0000 - 0x00007ff835111000 	C:\Windows\System32\IMM32.DLL
0x00007ff82b580000 - 0x00007ff82b58c000 	C:\Program Files\JetBrains\IntelliJ IDEA 2022.2.5\jbr\bin\vcruntime140_1.dll
0x00007ffff1950000 - 0x00007ffff19dd000 	C:\Program Files\JetBrains\IntelliJ IDEA 2022.2.5\jbr\bin\msvcp140.dll
0x00007fffccf30000 - 0x00007fffcdb9d000 	C:\Program Files\JetBrains\IntelliJ IDEA 2022.2.5\jbr\bin\server\jvm.dll
0x00007ff835fa0000 - 0x00007ff83604e000 	C:\Windows\System32\ADVAPI32.dll
0x00007ff835ae0000 - 0x00007ff835b7e000 	C:\Windows\System32\sechost.dll
0x00007ff835940000 - 0x00007ff835a61000 	C:\Windows\System32\RPCRT4.dll
0x00007ff82a7c0000 - 0x00007ff82a7f3000 	C:\Windows\SYSTEM32\WINMM.dll
0x00007ff82a0e0000 - 0x00007ff82a0ea000 	C:\Windows\SYSTEM32\VERSION.dll
0x00007ff8283a0000 - 0x00007ff8283a9000 	C:\Windows\SYSTEM32\WSOCK32.dll
0x00007ff835580000 - 0x00007ff8355ef000 	C:\Windows\System32\WS2_32.dll
0x00007ff832650000 - 0x00007ff832668000 	C:\Windows\SYSTEM32\kernel.appcore.dll
0x00007ff81e8e0000 - 0x00007ff81e8ea000 	C:\Program Files\JetBrains\IntelliJ IDEA 2022.2.5\jbr\bin\jimage.dll
0x00007ff82b7a0000 - 0x00007ff82b9c1000 	C:\Windows\SYSTEM32\DBGHELP.DLL
0x00007ff816e70000 - 0x00007ff816ea1000 	C:\Windows\SYSTEM32\dbgcore.DLL
0x00007ff833e40000 - 0x00007ff833ebf000 	C:\Windows\System32\bcryptPrimitives.dll
0x00007ff80e200000 - 0x00007ff80e225000 	C:\Program Files\JetBrains\IntelliJ IDEA 2022.2.5\jbr\bin\java.dll

dbghelp: loaded successfully - version: 4.0.5 - missing functions: none
symbol engine: initialized successfully - sym options: 0x614 - pdb path: .;C:\Program Files\JetBrains\IntelliJ IDEA 2022.2.5\jbr\bin;C:\Windows\SYSTEM32;C:\Windows\WinSxS\amd64_microsoft.windows.common-controls_6595b64144ccf1df_6.0.22000.120_none_9d947278b86cc467;C:\Program Files\JetBrains\IntelliJ IDEA 2022.2.5\jbr\bin\server

VM Arguments:
java_command: git4idea.http.GitAskPassApp Username for 'https://github.com': 
java_class_path (initial): C:/Program Files/JetBrains/IntelliJ IDEA 2022.2.5/plugins/git4idea/lib/git4idea-rt.jar;C:/Program Files/JetBrains/IntelliJ IDEA 2022.2.5/lib/externalProcess-rt.jar;C:/Program Files/JetBrains/IntelliJ IDEA 2022.2.5/lib/app.jar;C:/Program Files/JetBrains/IntelliJ IDEA 2022.2.5/lib/3rd-party-rt.jar
Launcher Type: SUN_STANDARD

[Global flags]
     intx CICompilerCount                          = 3                                         {product} {ergonomic}
     uint ConcGCThreads                            = 1                                         {product} {ergonomic}
     uint G1ConcRefinementThreads                  = 4                                         {product} {ergonomic}
   size_t G1HeapRegionSize                         = 1048576                                   {product} {ergonomic}
    uintx GCDrainStackTargetSize                   = 64                                        {product} {ergonomic}
   size_t InitialHeapSize                          = 134217728                                 {product} {ergonomic}
   size_t MarkStackSize                            = 4194304                                   {product} {ergonomic}
   size_t MaxHeapSize                              = 2118123520                                {product} {ergonomic}
   size_t MinHeapDeltaBytes                        = 1048576                                   {product} {ergonomic}
   size_t MinHeapSize                              = 8388608                                   {product} {ergonomic}
    uintx NonNMethodCodeHeapSize                   = 5832780                                {pd product} {ergonomic}
    uintx NonProfiledCodeHeapSize                  = 122912730                              {pd product} {ergonomic}
    uintx ProfiledCodeHeapSize                     = 122912730                              {pd product} {ergonomic}
    uintx ReservedCodeCacheSize                    = 251658240                              {pd product} {ergonomic}
     bool SegmentedCodeCache                       = true                                      {product} {ergonomic}
   size_t SoftMaxHeapSize                          = 2118123520                             {manageable} {ergonomic}
     bool UseCompressedClassPointers               = true                           {product lp64_product} {ergonomic}
     bool UseCompressedOops                        = true                           {product lp64_product} {ergonomic}
     bool UseG1GC                                  = true                                      {product} {ergonomic}
     bool UseLargePagesIndividualAllocation        = false                                  {pd product} {ergonomic}

Logging:
Log output configuration:
 #0: stdout all=warning uptime,level,tags
 #1: stderr all=off uptime,level,tags

Environment Variables:
JAVA_HOME=C:\Program Files\Java\jdk-21
PATH=C:\Program Files\Git\mingw64\libexec\git-core;C:\Program Files\Git\mingw64\libexec\git-core;C:\Program Files\Git\mingw64\bin;C:\Program Files\Git\usr\bin;C:\Users\AdMin\bin;C:\app\AdMin\virtual\product\12.2.0\dbhome_1\bin;C:\Program Files\Common Files\Oracle\Java\javapath;C:\Windows\system32;C:\Windows;C:\Windows\System32\Wbem;C:\Windows\System32\WindowsPowerShell\v1.0;C:\Windows\System32\OpenSSH;C:\Users\AdMin\AppData\Local\Programs\Python\Python311;C:\Users\AdMin\AppData\Local\Programs\Python\Python311\Scripts;C:\Program Files (x86)\Microchip\MPLAB C32 Suite\bin;C:\Program Files (x86)\HI-TECH Software\PICC\PRO\9.65\bin;C:\Program Files\Java\jdk-21\bin;C:\Program Files\MongoDB\mongosh-2.2.2-win32-x64\bin;C:\Program Files\apache-maven-3.9.9\bin;C:\Program Files\Git\cmd;C:\Program Files\Docker\Docker\resources\bin;C:\Program Files\Git\usr\bin\sh.exe;C:\Users\AdMin\AppData\Local\Microsoft\WindowsApps;C:\Users\AdMin\AppData\Local\Programs\Microsoft VS Code\bin;C:\Users\AdMin\Music\MinGW\bin;C:\Program Files\MySQL\MySQL Server 8.0\bin;C:\Users\AdMin\AppData\Local\JetBrains\IntelliJ IDEA Community Edition 2023.3.3\bin;C:\Users\AdMin\AppData\Roaming\npm;C:\Program Files\JetBrains\IntelliJ IDEA 2024.3.2\bin;C:\flutter\bin;C:\Users\AdMin\Downloads\gradle-8.10.2-bin\gradle-8.10.2\bin;C:\Program Files\MongoDB\Server\7.0\bin;C:\Program Files\Git\usr\bin;C:\Users\AdMin\AppData\Local\Programs\Python\Python313;C:\Users\AdMin\AppData\Local\Programs\Python\Python313\Scripts;C:\kubectl.exe;C:\minikube;C:\Program Files\nodejs;C:\Users\AdMin\scoop\shims;C:\Users\AdMin\AppData\Local\Microsoft\WindowsApps;C:\Users\AdMin\AppData\Local\Programs\Microsoft VS Code\bin;C:\Users\AdMin\AppData\Local\Programs\Python\Python311;C:\Users\AdMin\AppData\Local\Programs\Python\Python311\Scripts;C:\Users\AdMin\Music\MinGW\bin;C:\Program Files\MySQL\MySQL Server 8.0\bin;C:\Users\AdMin\AppData\Local\JetBrains\IntelliJ IDEA Community Edition 2023.3.3\bin;C:\Program Files\JetBrains\IntelliJ IDEA 2024.3.2
USERNAME=AdMin
DISPLAY=:0.0
LC_ALL=en_US.UTF-8
TERM=xterm-256color
TMPDIR=C:\Users\AdMin\AppData\Local\Temp
OS=Windows_NT
PROCESSOR_IDENTIFIER=Intel64 Family 6 Model 78 Stepping 3, GenuineIntel
TMP=C:\Users\AdMin\AppData\Local\Temp
TEMP=C:\Users\AdMin\AppData\Local\Temp



---------------  S Y S T E M  ---------------

OS:
 Windows 11 , 64 bit Build 22000 (10.0.22000.2538)
OS uptime: 18 days 16:12 hours
Hyper-V role detected

CPU: total 4 (initial active 4) (2 cores per cpu, 2 threads per core) family 6 model 78 stepping 3 microcode 0xd6, cx8, cmov, fxsr, ht, mmx, 3dnowpref, sse, sse2, sse3, ssse3, sse4.1, sse4.2, popcnt, lzcnt, tsc, tscinvbit, avx, avx2, aes, erms, clmul, bmi1, bmi2, adx, fma, vzeroupper, clflush, clflushopt, hv

Memory: 4k page, system-wide physical 8072M (354M free)
TotalPageFile size 32648M (AvailPageFile size 65M)
current process WorkingSet (physical memory assigned to process): 10M, peak: 10M
current process commit charge ("private bytes"): 51M, peak: 179M

vm_info: OpenJDK 64-Bit Server VM (17.0.6+7-b469.82) for windows-amd64 JRE (17.0.6+7-b469.82), built on 2023-03-05 by "builduser" with MS VC++ 16.10 / 16.11 (VS2019)

END.
